// Jest Snapshot v1, https://goo.gl/fbAQLP

exports[`renders the Home page 1`] = `
<div
  className="gqseAW"
>
  <div
    className="ejnNlj"
  >
    <div>
      Hello 
    </div>
  </div>
</div>
`;
